#Method,SeriesIndex,ResIndex,ResName,coreHelix,surrHelix,coreSheet,surrSheet,Turn,Other,Variability
bootstrap_series/3/10/89/,0,2,PRO,0.00000,0.00000,0.00001,0.03628,0.10687,0.85684,0.00515
bootstrap_series/3/10/89/,1,2,PRO,0.00000,0.00000,0.00000,0.01756,0.11842,0.86402,0.01855
bootstrap_series/3/10/89/,2,2,PRO,0.00000,0.00000,0.00000,0.01441,0.12826,0.85733,0.02545
bootstrap_series/3/10/89/,3,2,PRO,0.00000,0.00000,0.00001,0.03628,0.10687,0.85684,0.00515
bootstrap_series/3/10/89/,4,2,PRO,0.00000,0.00000,0.00000,0.01970,0.12088,0.85942,0.01681
bootstrap_series/3/10/89/,5,2,PRO,0.00000,0.00000,0.00001,0.03112,0.10561,0.86327,0.00838
bootstrap_series/3/10/89/,6,2,PRO,0.00000,0.00000,0.00003,0.04485,0.10317,0.85195,0.01500
bootstrap_series/3/10/89/,7,2,PRO,0.00000,0.00000,0.00001,0.04008,0.10132,0.85859,0.01199
bootstrap_series/3/10/89/,8,2,PRO,0.00000,0.00000,0.00003,0.06374,0.09184,0.84438,0.03829
bootstrap_series/3/10/89/,9,2,PRO,0.00000,0.00000,0.00000,0.02300,0.12253,0.85446,0.01556
