#Method,SeriesIndex,ResIndex,ResName,coreHelix,surrHelix,coreSheet,surrSheet,Turn,Other,Variability
bootstrap/3/10/89/,,2,PRO,0.00000,0.00000,0.00002,0.03676,0.10775,0.85546,0.01946
