#Method,SeriesIndex,ResIndex,ResName,coreHelix,surrHelix,coreSheet,surrSheet,Turn,Other,Variability
window/3/,,2,PRO,0.00000,0.00000,0.91215,0.00000,0.08785,0.00000,0.16051
