#Method,SeriesIndex,ResIndex,ResName,coreHelix,surrHelix,coreSheet,surrSheet,Turn,Other,Variability
window/3/,,1,GLY,0.00000,0.00000,0.02442,0.06387,0.16263,0.74908,0.30771
window/3/,,2,THR,0.00000,0.00000,0.49787,0.35467,0.01030,0.13716,0.43985
window/3/,,3,ASN,0.00000,0.00000,0.31509,0.49798,0.01653,0.17040,0.33343
window/3/,,4,THR,0.00000,0.00000,0.71508,0.22191,0.00584,0.05718,0.30083
window/3/,,5,TYR,0.00000,0.00000,0.66477,0.30333,0.00244,0.02945,0.25943
window/3/,,6,TYR,0.00000,0.00000,0.76338,0.22517,0.00087,0.01058,0.18384
window/3/,,7,THR,0.00000,0.00000,0.59770,0.34464,0.00439,0.05327,0.29393
window/3/,,8,VAL,0.00000,0.00000,0.02106,0.29448,0.07682,0.60763,0.27261
window/3/,,9,LYS,0.00051,0.46532,0.00000,0.00015,0.46128,0.07274,0.31698
window/3/,,10,SER,0.00000,0.00000,0.72026,0.23927,0.00229,0.03818,0.17957
window/3/,,11,GLY,0.00000,0.00000,0.00069,0.09159,0.14821,0.75950,0.16097
window/3/,,12,ASP,0.00000,0.02464,0.00000,0.00013,0.85838,0.11685,0.04426
window/3/,,13,THR,0.00000,0.00000,0.72404,0.26587,0.00068,0.00941,0.11962
window/3/,,14,LEU,0.91924,0.08021,0.00000,0.00000,0.00053,0.00002,0.05816
window/3/,,15,ASN,0.91005,0.08954,0.00000,0.00000,0.00039,0.00002,0.04012
window/3/,,16,LYS,0.82778,0.17073,0.00000,0.00000,0.00140,0.00009,0.16388
window/3/,,17,ILE,0.87758,0.12136,0.00000,0.00000,0.00100,0.00006,0.16815
window/3/,,18,ALA,0.87613,0.12321,0.00000,0.00000,0.00064,0.00003,0.08338
window/3/,,19,ALA,0.67234,0.32371,0.00000,0.00000,0.00382,0.00013,0.32715
window/3/,,20,GLN,0.84234,0.15644,0.00000,0.00000,0.00117,0.00005,0.18967
window/3/,,21,TYR,0.08570,0.76796,0.00000,0.00000,0.13801,0.00832,0.27831
window/3/,,22,GLY,0.00000,0.00000,0.00000,0.00000,0.93056,0.06944,0.02966
window/3/,,23,VAL,0.00000,0.00000,0.67537,0.30515,0.00158,0.01790,0.18124
window/3/,,24,SER,0.00000,0.00000,0.00823,0.19460,0.08631,0.71085,0.21659
window/3/,,25,VAL,0.63445,0.35977,0.00000,0.00000,0.00557,0.00021,0.35642
window/3/,,26,ALA,0.86708,0.13210,0.00000,0.00000,0.00078,0.00003,0.14098
window/3/,,27,ASN,0.88376,0.11559,0.00000,0.00000,0.00061,0.00003,0.06251
window/3/,,28,LEU,0.91010,0.08939,0.00000,0.00000,0.00048,0.00003,0.06170
window/3/,,29,ARG,0.77384,0.22316,0.00000,0.00000,0.00288,0.00012,0.32593
window/3/,,30,SER,0.13323,0.63484,0.00000,0.00152,0.16809,0.06231,0.41135
window/3/,,31,TRP,0.73787,0.25894,0.00000,0.00000,0.00307,0.00012,0.37803
window/3/,,32,ASN,0.02132,0.73880,0.00000,0.00002,0.22108,0.01879,0.29574
window/3/,,33,GLY,0.00000,0.00000,0.00000,0.00000,0.91945,0.08055,0.04258
window/3/,,34,ILE,0.00000,0.00000,0.10407,0.25552,0.06097,0.57944,0.39659
window/3/,,35,SER,0.00001,0.02485,0.44905,0.32618,0.08089,0.11903,0.44374
window/3/,,36,GLY,0.00000,0.00000,0.00001,0.01609,0.15516,0.82874,0.10977
window/3/,,37,ASP,0.00803,0.74229,0.00000,0.00004,0.22604,0.02359,0.24173
window/3/,,38,LEU,0.00000,0.00000,0.16602,0.51143,0.03442,0.28812,0.25948
window/3/,,39,ILE,0.00000,0.00000,0.73980,0.24730,0.00091,0.01199,0.15317
window/3/,,40,PHE,0.00000,0.00000,0.31269,0.50455,0.01747,0.16530,0.36193
window/3/,,41,VAL,0.00000,0.00000,0.00035,0.06433,0.10051,0.83482,0.05361
window/3/,,42,GLY,0.00000,0.00000,0.00000,0.00000,0.98862,0.01138,0.01098
window/3/,,43,GLN,0.00000,0.00000,0.00485,0.18560,0.08016,0.72938,0.19529
window/3/,,44,LYS,0.00000,0.00000,0.51964,0.43160,0.00424,0.04452,0.20146
window/3/,,45,LEU,0.00000,0.00000,0.74096,0.24727,0.00087,0.01090,0.13414
window/3/,,46,ILE,0.00000,0.00000,0.65148,0.26587,0.00644,0.07621,0.34721
window/3/,,47,VAL,0.00000,0.00000,0.72240,0.26424,0.00109,0.01227,0.16703
window/3/,,48,LYS,0.00000,0.00000,0.34481,0.44399,0.01946,0.19174,0.35664
window/3/,,49,LYS,0.00000,0.00000,0.40325,0.36547,0.03767,0.19361,0.42025
window/3/,,50,GLY,0.00000,0.00007,0.00009,0.00638,0.21526,0.77821,0.13072
window/3/,,51,SER,0.00000,0.03158,0.04702,0.24475,0.23434,0.44231,0.34668
