#Method,SeriesIndex,ResIndex,ResName,coreHelix,surrHelix,coreSheet,surrSheet,Turn,Other,Variability
window/3/,,2,PRO,0.0000000000,0.0000001827,0.0000122775,0.0396073833,0.1017164266,0.8586637299,0.0107946842
