#Method,SeriesIndex,ResIndex,ResName,coreHelix,surrHelix,coreSheet,surrSheet,Turn,Other,Variability
window/3/,,2,PRO,0.00000,0.00000,0.94380,0.00000,0.05620,0.00000,0.11889
