#Method,SeriesIndex,ResIndex,ResName,coreHelix,surrHelix,coreSheet,surrSheet,Turn,Other,Variability
window/3/,,2,PRO,0.00000,0.00000,0.00001,0.03922,0.10138,0.85939,0.01038
