#Method,SeriesIndex,ResIndex,ResName,coreHelix,surrHelix,coreSheet,surrSheet,Turn,Other,Variability
bootstrap/10/10/18/,,2,PRO,0.00000,0.00000,0.00000,0.00002,0.00095,0.99902,0.00016
bootstrap/20/10/18/,,2,PRO,0.00000,0.00000,0.00000,0.00000,0.00000,1.00000,0.00000
