#Method,SeriesIndex,ResIndex,ResName,coreHelix,surrHelix,coreSheet,surrSheet,Turn,Other,Variability
window/3/,,2,PRO,0.00000,0.00000,0.00002,0.04409,0.10033,0.85556,0.01048
