#Method,SeriesIndex,ResIndex,ResName,coreHelix,surrHelix,coreSheet,surrSheet,Turn,Other,Variability
window/3/,,2,PRO,0.00000,0.00000,0.00002,0.04409,0.10033,0.85556,0.01048
window/5/,,2,PRO,0.00000,0.00000,0.00000,0.00574,0.02820,0.96606,0.00122
window/7/,,2,PRO,0.00000,0.00000,0.00000,0.00177,0.01488,0.98336,0.00000
