#Method,SeriesIndex,ResIndex,ResName,coreHelix,surrHelix,coreSheet,surrSheet,Turn,Other,Variability
bootstrap_series/3/10/89/,0,2,PRO,0.00000,0.00000,0.00002,0.04080,0.10369,0.85548,0.00573
bootstrap_series/3/10/89/,1,2,PRO,0.00000,0.00000,0.00000,0.01971,0.11697,0.86332,0.02092
bootstrap_series/3/10/89/,2,2,PRO,0.00000,0.00000,0.00000,0.01747,0.12352,0.85900,0.02517
bootstrap_series/3/10/89/,3,2,PRO,0.00000,0.00000,0.00002,0.04080,0.10369,0.85548,0.00573
bootstrap_series/3/10/89/,4,2,PRO,0.00000,0.00000,0.00001,0.02267,0.11710,0.86022,0.01756
bootstrap_series/3/10/89/,5,2,PRO,0.00000,0.00000,0.00002,0.03396,0.10451,0.86152,0.00742
bootstrap_series/3/10/89/,6,2,PRO,0.00000,0.00000,0.00005,0.05021,0.10029,0.84945,0.01652
bootstrap_series/3/10/89/,7,2,PRO,0.00000,0.00000,0.00002,0.04381,0.10054,0.85563,0.01009
bootstrap_series/3/10/89/,8,2,PRO,0.00000,0.00000,0.00006,0.07087,0.09074,0.83832,0.04179
bootstrap_series/3/10/89/,9,2,PRO,0.00000,0.00000,0.00001,0.02731,0.11647,0.85622,0.01288
