#Method,SeriesIndex,ResIndex,ResName,coreHelix,surrHelix,coreSheet,surrSheet,Turn,Other,Variability
window_series/5/,0,2,PRO,0.000,0.000,0.000,0.005,0.029,0.966,0.001
window_series/5/,1,2,PRO,0.000,0.000,0.000,0.007,0.027,0.966,0.001
window_series/7/,0,2,PRO,0.000,0.000,0.000,0.002,0.015,0.983,0.000
window_series/7/,1,2,PRO,0.000,0.000,0.000,0.002,0.015,0.983,0.000
window_series/9/,0,2,PRO,0.000,0.000,0.000,0.002,0.015,0.983,0.000
window_series/9/,1,2,PRO,0.000,0.000,0.000,0.002,0.015,0.983,0.000
window_series/9/,2,2,PRO,0.000,0.000,0.000,0.002,0.015,0.983,0.000
window_series/9/,3,2,PRO,0.000,0.000,0.000,0.002,0.015,0.983,0.000
window_series/11/,0,2,PRO,0.000,0.000,0.000,0.002,0.015,0.983,0.000
window_series/11/,1,2,PRO,0.000,0.000,0.000,0.002,0.015,0.983,0.000
window_series/11/,2,2,PRO,0.000,0.000,0.000,0.002,0.015,0.983,0.000
window_series/11/,3,2,PRO,0.000,0.000,0.000,0.002,0.015,0.983,0.000
window_series/11/,4,2,PRO,0.000,0.000,0.000,0.002,0.015,0.983,0.000
window_series/11/,5,2,PRO,0.000,0.000,0.000,0.002,0.015,0.983,0.000
