#Method,SeriesIndex,ResIndex,ResName,coreHelix,surrHelix,coreSheet,surrSheet,Turn,Other,Variability
bootstrap_series/3/10/89/,0,2,PRO,0.00000,0.00000,0.98197,0.00000,0.01803,0.00000,0.41846
bootstrap_series/3/10/89/,1,2,PRO,0.00000,0.00000,0.01825,0.00000,0.98175,0.00000,0.94443
bootstrap_series/3/10/89/,2,2,PRO,0.00000,0.00000,0.00437,0.00000,0.99563,0.00000,0.96406
bootstrap_series/3/10/89/,3,2,PRO,0.00000,0.00000,0.98197,0.00000,0.01803,0.00000,0.41846
bootstrap_series/3/10/89/,4,2,PRO,0.00000,0.00000,0.28569,0.00000,0.71431,0.00000,0.56622
bootstrap_series/3/10/89/,5,2,PRO,0.00000,0.00000,0.89313,0.00000,0.10687,0.00000,0.29283
bootstrap_series/3/10/89/,6,2,PRO,0.00000,0.00000,0.99877,0.00000,0.00123,0.00000,0.44223
bootstrap_series/3/10/89/,7,2,PRO,0.00000,0.00000,0.97419,0.00000,0.02581,0.00000,0.40747
bootstrap_series/3/10/89/,8,2,PRO,0.00000,0.00000,0.99964,0.00000,0.00036,0.00000,0.44346
bootstrap_series/3/10/89/,9,2,PRO,0.00000,0.00000,0.72270,0.00000,0.27730,0.00000,0.05180
