#Method,SeriesIndex,ResIndex,ResName,coreHelix,surrHelix,coreSheet,surrSheet,Turn,Other,Variability
bootstrap/3/10/89/,,2,PRO,0.00000,0.00000,0.68607,0.00000,0.31393,0.00000,0.56026
