#Method,SeriesIndex,ResIndex,ResName,coreHelix,surrHelix,coreSheet,surrSheet,Turn,Other,Variability
bootstrap/3/10/89/,,2,PRO,0.00000,0.00000,0.00001,0.03270,0.11058,0.85671,0.01864
