@ref1_grp1_p001/1 1:N:0:AC+GT	MD:Z:10	RG:Z:grp1	BC:Z:AC-GT
NG
+
""
@ref1_grp1_p002/1 1:N:0:AATT+CCGG	MD:Z:10	RG:Z:grp1	BC:Z:AATT+CCGG
TT
+
""
@ref1_grp2_p001/1 1:N:0:TG+CA	MD:Z:8	RG:Z:grp2	BC:Z:TG+CA	QT:Z:ab+cd
NC
+
+c
