@ref1_grp2_p002a/1 1:N:0:0	MD:Z:10	RG:Z:grp2
CGGTACCCGG
+
$$$$$$$$$$
@unaligned_grp3_p001/1 1:N:0:0	RG:Z:grp3
CACTCGTTCATGACG
+
0123456789abcde
